Wed Jan 18 17:47:04 2017
Test

